[INFO] [launch]: All log files can be found below /home/para/.ros/log/2026-09-20-19-08-57-289368-Para-96042
[INFO] [launch]: Default logging verbosity is set to INFO
[INFO] [launch.user]: Caster compa: DART step=0.001s, ground friction=0.8; /tmp/hamr_ball_caster_1xt41nub/world.sdf
[INFO] [gazebo-1]: process started with pid [96060]
[INFO] [robot_state_publisher-2]: process started with pid [96061]
[INFO] [create-3]: process started with pid [96063]
[INFO] [parameter_bridge-4]: process started with pid [96064]
[create-3] [INFO] [1789945738.077137346] [ros_gz_sim]: Waiting messages on topic [/robot_description].
[robot_state_publisher-2] [INFO] [1789945738.081757413] [robot_state_publisher]: Robot initialized
[gazebo-1] [1;32m[Msg] [0m[1;32mGazebo Sim Server v[0m[1;32m8.15.0[0m[1;32m[0m
[gazebo-1] [1;32m[Msg] [0m[1;32mLoading SDF world file[[0m[1;32m/tmp/hamr_ball_caster_1xt41nub/world.sdf[0m[1;32m].[0m
[gazebo-1] [1;32m[Msg] [0m[1;32mServing entity system service on [[0m[1;32m/[0m[1;32mentity/system/add[0m[1;32m][0m[1;32m[0m
[gazebo-1] [1;32m[Msg] [0m[1;32mCreate[0m[1;32m service on [[0m[1;32m/world/ball_caster_test/create_multiple[0m[1;32m] (async)[0m[1;32m[0m
[gazebo-1] [1;32m[Msg] [0m[1;32mCreate[0m[1;32m service on [[0m[1;32m/world/ball_caster_test/create_multiple/blocking[0m[1;32m] (blocking)[0m[1;32m[0m
[gazebo-1] [1;32m[Msg] [0m[1;32mRemove[0m[1;32m service on [[0m[1;32m/world/ball_caster_test/remove[0m[1;32m] (async)[0m[1;32m[0m
[gazebo-1] [1;32m[Msg] [0m[1;32mRemove[0m[1;32m service on [[0m[1;32m/world/ball_caster_test/remove/blocking[0m[1;32m] (blocking)[0m[1;32m[0m
[gazebo-1] [1;32m[Msg] [0m[1;32mPose[0m[1;32m service on [[0m[1;32m/world/ball_caster_test/set_pose[0m[1;32m] (async)[0m[1;32m[0m
[gazebo-1] [1;32m[Msg] [0m[1;32mPose[0m[1;32m service on [[0m[1;32m/world/ball_caster_test/set_pose/blocking[0m[1;32m] (blocking)[0m[1;32m[0m
[gazebo-1] [1;32m[Msg] [0m[1;32mPose[0m[1;32m service on [[0m[1;32m/world/ball_caster_test/set_pose_vector[0m[1;32m] (async)[0m[1;32m[0m
[gazebo-1] [1;32m[Msg] [0m[1;32mPose[0m[1;32m service on [[0m[1;32m/world/ball_caster_test/set_pose_vector/blocking[0m[1;32m] (blocking)[0m[1;32m[0m
[gazebo-1] [1;32m[Msg] [0m[1;32mLight configuration[0m[1;32m service on [[0m[1;32m/world/ball_caster_test/light_config[0m[1;32m] (async)[0m[1;32m[0m
[gazebo-1] [1;32m[Msg] [0m[1;32mLight configuration[0m[1;32m service on [[0m[1;32m/world/ball_caster_test/light_config/blocking[0m[1;32m] (blocking)[0m[1;32m[0m
[gazebo-1] [1;32m[Msg] [0m[1;32mPhysics[0m[1;32m service on [[0m[1;32m/world/ball_caster_test/set_physics[0m[1;32m] (async)[0m[1;32m[0m
[gazebo-1] [1;32m[Msg] [0m[1;32mPhysics[0m[1;32m service on [[0m[1;32m/world/ball_caster_test/set_physics/blocking[0m[1;32m] (blocking)[0m[1;32m[0m
[gazebo-1] [1;32m[Msg] [0m[1;32mSphericalCoordinates[0m[1;32m service on [[0m[1;32m/world/ball_caster_test/set_spherical_coordinates[0m[1;32m] (async)[0m[1;32m[0m
[gazebo-1] [1;32m[Msg] [0m[1;32mSphericalCoordinates[0m[1;32m service on [[0m[1;32m/world/ball_caster_test/set_spherical_coordinates/blocking[0m[1;32m] (blocking)[0m[1;32m[0m
[gazebo-1] [1;32m[Msg] [0m[1;32mEnable collision[0m[1;32m service on [[0m[1;32m/world/ball_caster_test/enable_collision[0m[1;32m] (async)[0m[1;32m[0m
[gazebo-1] [1;32m[Msg] [0m[1;32mEnable collision[0m[1;32m service on [[0m[1;32m/world/ball_caster_test/enable_collision/blocking[0m[1;32m] (blocking)[0m[1;32m[0m
[gazebo-1] [1;32m[Msg] [0m[1;32mDisable collision[0m[1;32m service on [[0m[1;32m/world/ball_caster_test/disable_collision[0m[1;32m] (async)[0m[1;32m[0m
[gazebo-1] [1;32m[Msg] [0m[1;32mDisable collision[0m[1;32m service on [[0m[1;32m/world/ball_caster_test/disable_collision/blocking[0m[1;32m] (blocking)[0m[1;32m[0m
[gazebo-1] [1;32m[Msg] [0m[1;32mMaterial[0m[1;32m service on [[0m[1;32m/world/ball_caster_test/visual_config[0m[1;32m] (async)[0m[1;32m[0m
[gazebo-1] [1;32m[Msg] [0m[1;32mMaterial[0m[1;32m service on [[0m[1;32m/world/ball_caster_test/visual_config/blocking[0m[1;32m] (blocking)[0m[1;32m[0m
[gazebo-1] [1;32m[Msg] [0m[1;32mMaterial[0m[1;32m service on [[0m[1;32m/world/ball_caster_test/wheel_slip[0m[1;32m] (async)[0m[1;32m[0m
[gazebo-1] [1;32m[Msg] [0m[1;32mMaterial[0m[1;32m service on [[0m[1;32m/world/ball_caster_test/wheel_slip/blocking[0m[1;32m] (blocking)[0m[1;32m[0m
[gazebo-1] [1;32m[Msg] [0m[1;32mLoaded level [[0m[1;32mdefault[0m[1;32m][0m[1;32m[0m
[gazebo-1] [1;32m[Msg] [0m[1;32mServing world controls on [[0m[1;32m/world/ball_caster_test[0m[1;32m/control], [[0m[1;32m/world/ball_caster_test[0m[1;32m/control/state] and [[0m[1;32m/world/ball_caster_test[0m[1;32m/playback/control][0m[1;32m[0m
[gazebo-1] [1;32m[Msg] [0m[1;32mServing GUI information on [[0m[1;32m/world/ball_caster_test[0m[1;32m/[0m[1;32mgui/info[0m[1;32m][0m[1;32m[0m
[create-3] [INFO] [1789945738.616824508] [ros_gz_sim]: Entity creation successful.
[INFO] [create-3]: process has finished cleanly [pid 96063]
[parameter_bridge-4] [INFO] [1789945739.115561911] [ros_gz_bridge]: Creating GZ->ROS Bridge: [/clock (gz.msgs.Clock) -> /clock (rosgraph_msgs/msg/Clock)] (Lazy 0)
[parameter_bridge-4] [INFO] [1789945739.118191805] [ros_gz_bridge]: Creating GZ->ROS Bridge: [/ball_caster/joint_states (gz.msgs.Model) -> /joint_states (sensor_msgs/msg/JointState)] (Lazy 0)
[parameter_bridge-4] [INFO] [1789945739.124045842] [ros_gz_bridge]: Creating GZ->ROS Bridge: [/model/compa/odometry (gz.msgs.Odometry) -> /compa/odom (nav_msgs/msg/Odometry)] (Lazy 0)
[parameter_bridge-4] [INFO] [1789945739.128228366] [ros_gz_bridge]: Creating GZ->ROS Bridge: [/model/compa/tf (gz.msgs.Pose_V) -> /tf (tf2_msgs/msg/TFMessage)] (Lazy 0)
[parameter_bridge-4] [INFO] [1789945739.132743829] [ros_gz_bridge]: Creating ROS->GZ Bridge: [/left_wheel/cmd_vel (std_msgs/msg/Float64) -> /model/compa/joint/left_rocker_left_wheel_joint/cmd_vel (gz.msgs.Double)] (Lazy 0)
[parameter_bridge-4] [INFO] [1789945739.134606247] [ros_gz_bridge]: Creating ROS->GZ Bridge: [/right_wheel/cmd_vel (std_msgs/msg/Float64) -> /model/compa/joint/right_rocker_right_wheel_joint/cmd_vel (gz.msgs.Double)] (Lazy 0)
[parameter_bridge-4] [INFO] [1789945739.135698119] [ros_gz_bridge]: Creating ROS->GZ Bridge: [/roll/cmd_vel (std_msgs/msg/Float64) -> /model/compa/joint/base_roll_joint/cmd_vel (gz.msgs.Double)] (Lazy 0)
[parameter_bridge-4] [INFO] [1789945739.136555708] [ros_gz_bridge]: Creating ROS->GZ Bridge: [/pitch/cmd_vel (std_msgs/msg/Float64) -> /model/compa/joint/roll_pitch_joint/cmd_vel (gz.msgs.Double)] (Lazy 0)
[parameter_bridge-4] [INFO] [1789945739.137439185] [ros_gz_bridge]: Creating ROS->GZ Bridge: [/yaw/cmd_vel (std_msgs/msg/Float64) -> /model/compa/joint/pitch_yaw_plate_joint/cmd_vel (gz.msgs.Double)] (Lazy 0)
[parameter_bridge-4] [INFO] [1789945741.211269333] [ros_gz_bridge]: Passing message from ROS std_msgs/msg/Float64 to Gazebo gz.msgs.Double (showing msg only once per type)
[WARNING] [launch]: user interrupted with ctrl-c (SIGINT)
[INFO] [parameter_bridge-4]: sending signal 'SIGINT' to process[parameter_bridge-4]
[INFO] [robot_state_publisher-2]: sending signal 'SIGINT' to process[robot_state_publisher-2]
[INFO] [gazebo-1]: sending signal 'SIGINT' to process[gazebo-1]
[parameter_bridge-4] [INFO] [1789945833.646652411] [rclcpp]: signal_handler(SIGINT/SIGTERM)
[robot_state_publisher-2] [INFO] [1789945833.646878594] [rclcpp]: signal_handler(SIGINT/SIGTERM)
[parameter_bridge-4] [INFO] [1789945833.650194231] [rclcpp]: signal_handler(SIGINT/SIGTERM)
[robot_state_publisher-2] [INFO] [1789945833.650744916] [rclcpp]: signal_handler(SIGINT/SIGTERM)
[gazebo-1] [1;32m[Msg] [0m[1;32mWorld [[0m[1;32mball_caster_test[0m[1;32m] initialized with [[0m[1;32mcaster_dart[0m[1;32m] physics profile.[0m[1;32m[0m
[gazebo-1] [1;32m[Msg] [0m[1;32mServing world SDF generation service on [[0m[1;32m/world/ball_caster_test[0m[1;32m/[0m[1;32mgenerate_world_sdf[0m[1;32m][0m[1;32m[0m
[gazebo-1] [1;32m[Msg] [0m[1;32mServing world names on [[0m[1;32m/gazebo/worlds[0m[1;32m][0m[1;32m[0m
[gazebo-1] [1;32m[Msg] [0m[1;32mResource path add service on [[0m[1;32m/gazebo/resource_paths/add[0m[1;32m].[0m[1;32m[0m
[gazebo-1] [1;32m[Msg] [0m[1;32mResource path get service on [[0m[1;32m/gazebo/resource_paths/get[0m[1;32m].[0m[1;32m[0m
[gazebo-1] [1;32m[Msg] [0m[1;32mResource path resolve service on [[0m[1;32m/gazebo/resource_paths/resolve[0m[1;32m].[0m[1;32m[0m
[gazebo-1] [1;32m[Msg] [0m[1;32mResource paths published on [[0m[1;32m/gazebo/resource_paths[0m[1;32m].[0m[1;32m[0m
[gazebo-1] [1;32m[Msg] [0m[1;32mServer control service on [[0m[1;32m/server_control[0m[1;32m].[0m[1;32m[0m
[gazebo-1] [1;32m[Msg] [0m[1;32mFound no publishers on /stats, adding root stats topic[0m[1;32m[0m
[gazebo-1] [1;32m[Msg] [0m[1;32mFound no publishers on /clock, adding root clock topic[0m[1;32m[0m
[gazebo-1] [1;32m[Msg] [0m[1;32mJointController subscribing to Double messages on [[0m[1;32m/model/compa/joint/left_rocker_left_wheel_joint/cmd_vel[0m[1;32m][0m[1;32m[0m
[gazebo-1] [1;32m[Msg] [0m[1;32mJointController subscribing to Double messages on [[0m[1;32m/model/compa/joint/right_rocker_right_wheel_joint/cmd_vel[0m[1;32m][0m[1;32m[0m
[gazebo-1] [1;32m[Msg] [0m[1;32mJointController subscribing to Double messages on [[0m[1;32m/model/compa/joint/base_roll_joint/cmd_vel[0m[1;32m][0m[1;32m[0m
[gazebo-1] [1;32m[Msg] [0m[1;32mJointController subscribing to Double messages on [[0m[1;32m/model/compa/joint/roll_pitch_joint/cmd_vel[0m[1;32m][0m[1;32m[0m
[gazebo-1] [1;32m[Msg] [0m[1;32mJointController subscribing to Double messages on [[0m[1;32m/model/compa/joint/pitch_yaw_plate_joint/cmd_vel[0m[1;32m][0m[1;32m[0m
[gazebo-1] [1;32m[Msg] [0m[1;32mOdometryPublisher publishing odometry on [[0m[1;32m/model/compa/odometry[0m[1;32m][0m[1;32m[0m
[gazebo-1] [1;32m[Msg] [0m[1;32mOdometryPublisher publishing odometry with covariance on [[0m[1;32m/model/compa/odometry_with_covariance[0m[1;32m][0m[1;32m[0m
[gazebo-1] [1;32m[Msg] [0m[1;32mOdometryPublisher publishing Pose_V (TF) on [[0m[1;32m/model/compa/tf[0m[1;32m][0m[1;32m[0m
[gazebo-1] [1;32m[Msg] [0m[1;32mUsing [[0m[1;32mode[0m[1;32m] collision detector[0m[1;32m[0m
[gazebo-1] [1;32m[Msg] [0m[1;32mUsing [[0m[1;32mDantzigBoxedLcpSolver[0m[1;32m] solver.[0m[1;32m[0m
[gazebo-1] [1;32m[Msg] [0m[1;32mServing scene information on [[0m[1;32m/world/ball_caster_test[0m[1;32m/[0m[1;32mscene/info[0m[1;32m][0m[1;32m[0m
[gazebo-1] [1;32m[Msg] [0m[1;32mServing graph information on [[0m[1;32m/world/ball_caster_test[0m[1;32m/[0m[1;32mscene/graph[0m[1;32m][0m[1;32m[0m
[gazebo-1] [1;32m[Msg] [0m[1;32mServing full state on [[0m[1;32m/world/ball_caster_test[0m[1;32m/[0m[1;32mstate[0m[1;32m][0m[1;32m[0m
[gazebo-1] [1;32m[Msg] [0m[1;32mServing full state (async) on [[0m[1;32m/world/ball_caster_test[0m[1;32m/[0m[1;32mstate_async[0m[1;32m][0m[1;32m[0m
[gazebo-1] [1;32m[Msg] [0m[1;32mPublishing scene information on [[0m[1;32m/world/ball_caster_test/scene/info[0m[1;32m][0m[1;32m[0m
[gazebo-1] [1;32m[Msg] [0m[1;32mPublishing entity deletions on [[0m[1;32m/world/ball_caster_test/scene/deletion[0m[1;32m][0m[1;32m[0m
[gazebo-1] [1;32m[Msg] [0m[1;32mPublishing state changes on [[0m[1;32m/world/ball_caster_test/state[0m[1;32m][0m[1;32m[0m
[gazebo-1] [1;32m[Msg] [0m[1;32mPublishing pose messages on [[0m[1;32m/world/ball_caster_test[0m[1;32m/[0m[1;32mpose/info[0m[1;32m][0m[1;32m[0m
[gazebo-1] [1;32m[Msg] [0m[1;32mPublishing dynamic pose messages on [[0m[1;32m/world/ball_caster_test[0m[1;32m/[0m[1;32mdynamic_pose/info[0m[1;32m][0m[1;32m[0m
[gazebo-1] [1;32mMsg[0m [NameManager::issueNewName] (Skeleton::Joint | compa) The name [fixed] is a duplicate, so it has been renamed to [fixed(1)]
[INFO] [robot_state_publisher-2]: process has finished cleanly [pid 96061]
[INFO] [parameter_bridge-4]: process has finished cleanly [pid 96064]
[ERROR] [gazebo-1]: process has died [pid 96060, exit code -2, cmd 'ruby /home/para/.cache/hamr-gazebo-root/opt/ros/jazzy/opt/gz_tools_vendor/bin/gz sim -r -v 3 -s /tmp/hamr_ball_caster_1xt41nub/world.sdf --force-version 8'].
[INFO] [launch]: process[gazebo-1] was required: shutting down launched system
