/home/ranaudo/Documents/hamr_control/install/hamr_control/lib/python3.12/site-packages/hamr_control/hamr_odom_graph.py
/home/ranaudo/Documents/hamr_control/install/hamr_control/lib/python3.12/site-packages/hamr_control/hamr_controller_hw.py
/home/ranaudo/Documents/hamr_control/install/hamr_control/lib/python3.12/site-packages/hamr_control/hamr_pid_graph.py
/home/ranaudo/Documents/hamr_control/install/hamr_control/lib/python3.12/site-packages/hamr_control/plot_traj.py
/home/ranaudo/Documents/hamr_control/install/hamr_control/lib/python3.12/site-packages/hamr_control/hamr_controller.py
/home/ranaudo/Documents/hamr_control/install/hamr_control/lib/python3.12/site-packages/hamr_control/__init__.py
/home/ranaudo/Documents/hamr_control/install/hamr_control/lib/python3.12/site-packages/hamr_control/__pycache__/hamr_odom_graph.cpython-312.pyc
/home/ranaudo/Documents/hamr_control/install/hamr_control/lib/python3.12/site-packages/hamr_control/__pycache__/hamr_controller_hw.cpython-312.pyc
/home/ranaudo/Documents/hamr_control/install/hamr_control/lib/python3.12/site-packages/hamr_control/__pycache__/hamr_pid_graph.cpython-312.pyc
/home/ranaudo/Documents/hamr_control/install/hamr_control/lib/python3.12/site-packages/hamr_control/__pycache__/plot_traj.cpython-312.pyc
/home/ranaudo/Documents/hamr_control/install/hamr_control/lib/python3.12/site-packages/hamr_control/__pycache__/hamr_controller.cpython-312.pyc
/home/ranaudo/Documents/hamr_control/install/hamr_control/lib/python3.12/site-packages/hamr_control/__pycache__/__init__.cpython-312.pyc
/home/ranaudo/Documents/hamr_control/install/hamr_control/share/ament_index/resource_index/packages/hamr_control
/home/ranaudo/Documents/hamr_control/install/hamr_control/share/hamr_control/package.xml
/home/ranaudo/Documents/hamr_control/install/hamr_control/lib/python3.12/site-packages/hamr_control-0.0.0-py3.12.egg-info/requires.txt
/home/ranaudo/Documents/hamr_control/install/hamr_control/lib/python3.12/site-packages/hamr_control-0.0.0-py3.12.egg-info/SOURCES.txt
/home/ranaudo/Documents/hamr_control/install/hamr_control/lib/python3.12/site-packages/hamr_control-0.0.0-py3.12.egg-info/top_level.txt
/home/ranaudo/Documents/hamr_control/install/hamr_control/lib/python3.12/site-packages/hamr_control-0.0.0-py3.12.egg-info/PKG-INFO
/home/ranaudo/Documents/hamr_control/install/hamr_control/lib/python3.12/site-packages/hamr_control-0.0.0-py3.12.egg-info/entry_points.txt
/home/ranaudo/Documents/hamr_control/install/hamr_control/lib/python3.12/site-packages/hamr_control-0.0.0-py3.12.egg-info/zip-safe
/home/ranaudo/Documents/hamr_control/install/hamr_control/lib/python3.12/site-packages/hamr_control-0.0.0-py3.12.egg-info/dependency_links.txt
/home/ranaudo/Documents/hamr_control/install/hamr_control/lib/hamr_control/hamr_controller
/home/ranaudo/Documents/hamr_control/install/hamr_control/lib/hamr_control/hamr_odom_graph
/home/ranaudo/Documents/hamr_control/install/hamr_control/lib/hamr_control/hamr_pid_graph
/home/ranaudo/Documents/hamr_control/install/hamr_control/lib/hamr_control/plot_traj
