/home/ranaudo/Documents/hamr_control/install/compa_control_py/lib/python3.12/site-packages/compa_control_py/rpy_tf_graph.py
/home/ranaudo/Documents/hamr_control/install/compa_control_py/lib/python3.12/site-packages/compa_control_py/compa_odom_graph.py
/home/ranaudo/Documents/hamr_control/install/compa_control_py/lib/python3.12/site-packages/compa_control_py/tf_trail_node.py
/home/ranaudo/Documents/hamr_control/install/compa_control_py/lib/python3.12/site-packages/compa_control_py/compa_pid_graph.py
/home/ranaudo/Documents/hamr_control/install/compa_control_py/lib/python3.12/site-packages/compa_control_py/__init__.py
/home/ranaudo/Documents/hamr_control/install/compa_control_py/lib/python3.12/site-packages/compa_control_py/compa_controller.py
/home/ranaudo/Documents/hamr_control/install/compa_control_py/lib/python3.12/site-packages/compa_control_py/__pycache__/rpy_tf_graph.cpython-312.pyc
/home/ranaudo/Documents/hamr_control/install/compa_control_py/lib/python3.12/site-packages/compa_control_py/__pycache__/compa_odom_graph.cpython-312.pyc
/home/ranaudo/Documents/hamr_control/install/compa_control_py/lib/python3.12/site-packages/compa_control_py/__pycache__/tf_trail_node.cpython-312.pyc
/home/ranaudo/Documents/hamr_control/install/compa_control_py/lib/python3.12/site-packages/compa_control_py/__pycache__/compa_pid_graph.cpython-312.pyc
/home/ranaudo/Documents/hamr_control/install/compa_control_py/lib/python3.12/site-packages/compa_control_py/__pycache__/__init__.cpython-312.pyc
/home/ranaudo/Documents/hamr_control/install/compa_control_py/lib/python3.12/site-packages/compa_control_py/__pycache__/compa_controller.cpython-312.pyc
/home/ranaudo/Documents/hamr_control/install/compa_control_py/share/ament_index/resource_index/packages/compa_control_py
/home/ranaudo/Documents/hamr_control/install/compa_control_py/share/compa_control_py/package.xml
/home/ranaudo/Documents/hamr_control/install/compa_control_py/lib/python3.12/site-packages/compa_control_py-0.0.0-py3.12.egg-info/requires.txt
/home/ranaudo/Documents/hamr_control/install/compa_control_py/lib/python3.12/site-packages/compa_control_py-0.0.0-py3.12.egg-info/SOURCES.txt
/home/ranaudo/Documents/hamr_control/install/compa_control_py/lib/python3.12/site-packages/compa_control_py-0.0.0-py3.12.egg-info/top_level.txt
/home/ranaudo/Documents/hamr_control/install/compa_control_py/lib/python3.12/site-packages/compa_control_py-0.0.0-py3.12.egg-info/PKG-INFO
/home/ranaudo/Documents/hamr_control/install/compa_control_py/lib/python3.12/site-packages/compa_control_py-0.0.0-py3.12.egg-info/entry_points.txt
/home/ranaudo/Documents/hamr_control/install/compa_control_py/lib/python3.12/site-packages/compa_control_py-0.0.0-py3.12.egg-info/zip-safe
/home/ranaudo/Documents/hamr_control/install/compa_control_py/lib/python3.12/site-packages/compa_control_py-0.0.0-py3.12.egg-info/dependency_links.txt
/home/ranaudo/Documents/hamr_control/install/compa_control_py/lib/compa_control_py/compa_controller
/home/ranaudo/Documents/hamr_control/install/compa_control_py/lib/compa_control_py/compa_odom_graph
/home/ranaudo/Documents/hamr_control/install/compa_control_py/lib/compa_control_py/compa_pid_graph
/home/ranaudo/Documents/hamr_control/install/compa_control_py/lib/compa_control_py/rpy_tf_graph
/home/ranaudo/Documents/hamr_control/install/compa_control_py/lib/compa_control_py/tf_trail_node
